#-----------------------------------------------------------
# Vivado v2018.2 (64-bit)
# SW Build 2258646 on Thu Jun 14 20:03:12 MDT 2018
# IP Build 2256618 on Thu Jun 14 22:10:49 MDT 2018
# Start of session at: Wed Feb 27 09:52:54 2019
# Process ID: 70692
# Current directory: C:/Users/admin/Desktop/debounce/debounce
# Command line: vivado.exe -gui_launcher_event rodinguilauncherevent69584 C:\Users\admin\Desktop\debounce\debounce\debounce.xpr
# Log file: C:/Users/admin/Desktop/debounce/debounce/vivado.log
# Journal file: C:/Users/admin/Desktop/debounce/debounce\vivado.jou
#-----------------------------------------------------------
start_gui
open_project C:/Users/admin/Desktop/debounce/debounce/debounce.xpr
update_compile_order -fileset sources_1
launch_simulation
source deb_test.tcl
run all
close_sim
# Disabling source management mode.  This is to allow the top design properties to be set without GUI intervention.
set_property source_mgmt_mode None [current_project]
set_property top top_test [get_filesets sim_1]
set_property top_lib xil_defaultlib [get_filesets sim_1]
# Re-enabling previously disabled source management mode.
set_property source_mgmt_mode All [current_project]
update_compile_order -fileset sim_1
launch_simulation
source top_test.tcl
run all
close_sim
launch_simulation
source top_test.tcl
run all
close_sim
launch_simulation
source top_test.tcl
run all
close_sim
launch_simulation
source top_test.tcl
run all
close_sim
launch_simulation
source top_test.tcl
run all
close_sim
launch_simulation
source top_test.tcl
run all
close_sim
